// Jest Snapshot v1, https://goo.gl/fbAQLP

exports[`Button component test Tiene que estar en el snapshot 1`] = `
<div>
  <button />
</div>
`;
